Train in Davis
load data
load finished
data shuffle
************************* No. 1 -fold *************************
Training...
[  1/200] train_loss: 0.58509 valid_loss: 0.52138 valid_AUC: 0.82919 valid_PRC: 0.68211 valid_Accuracy: 0.78511 valid_Precision: 0.63007 valid_Reacll: 0.58476 
Validation loss decreased (inf --> 0.521378).  Saving model ...
[  2/200] train_loss: 0.50634 valid_loss: 0.46501 valid_AUC: 0.86297 valid_PRC: 0.74725 valid_Accuracy: 0.76425 valid_Precision: 0.55847 valid_Reacll: 0.80137 
Validation loss decreased (0.521378 --> 0.465006).  Saving model ...
[  3/200] train_loss: 0.47905 valid_loss: 0.47957 valid_AUC: 0.84664 valid_PRC: 0.71390 valid_Accuracy: 0.75309 valid_Precision: 0.54607 valid_Reacll: 0.76113 
EarlyStopping counter: 1 out of 20
[  4/200] train_loss: 0.46451 valid_loss: 0.42215 valid_AUC: 0.88668 valid_PRC: 0.78724 valid_Accuracy: 0.79190 valid_Precision: 0.59873 valid_Reacll: 0.80479 
Validation loss decreased (0.465006 --> 0.422147).  Saving model ...
[  5/200] train_loss: 0.44028 valid_loss: 0.48503 valid_AUC: 0.86795 valid_PRC: 0.75054 valid_Accuracy: 0.81761 valid_Precision: 0.68407 valid_Reacll: 0.66182 
EarlyStopping counter: 1 out of 20
[  6/200] train_loss: 0.42664 valid_loss: 0.40274 valid_AUC: 0.89720 valid_PRC: 0.80461 valid_Accuracy: 0.81785 valid_Precision: 0.64310 valid_Reacll: 0.80223 
Validation loss decreased (0.422147 --> 0.402737).  Saving model ...
[  7/200] train_loss: 0.40311 valid_loss: 0.45275 valid_AUC: 0.87328 valid_PRC: 0.76396 valid_Accuracy: 0.81397 valid_Precision: 0.64841 valid_Reacll: 0.75000 
EarlyStopping counter: 1 out of 20
[  8/200] train_loss: 0.40045 valid_loss: 0.39623 valid_AUC: 0.90144 valid_PRC: 0.81220 valid_Accuracy: 0.81154 valid_Precision: 0.62720 valid_Reacll: 0.82534 
Validation loss decreased (0.402737 --> 0.396229).  Saving model ...
[  9/200] train_loss: 0.37493 valid_loss: 0.40904 valid_AUC: 0.89433 valid_PRC: 0.79251 valid_Accuracy: 0.81688 valid_Precision: 0.64019 valid_Reacll: 0.80736 
EarlyStopping counter: 1 out of 20
[ 10/200] train_loss: 0.37933 valid_loss: 0.38267 valid_AUC: 0.90836 valid_PRC: 0.82287 valid_Accuracy: 0.82343 valid_Precision: 0.64785 valid_Reacll: 0.82534 
Validation loss decreased (0.396229 --> 0.382674).  Saving model ...
[ 11/200] train_loss: 0.35027 valid_loss: 0.40877 valid_AUC: 0.89577 valid_PRC: 0.79933 valid_Accuracy: 0.80621 valid_Precision: 0.61685 valid_Reacll: 0.83390 
EarlyStopping counter: 1 out of 20
[ 12/200] train_loss: 0.34989 valid_loss: 0.39084 valid_AUC: 0.90670 valid_PRC: 0.82335 valid_Accuracy: 0.81834 valid_Precision: 0.63774 valid_Reacll: 0.83048 
EarlyStopping counter: 2 out of 20
[ 13/200] train_loss: 0.32583 valid_loss: 0.41040 valid_AUC: 0.89773 valid_PRC: 0.80297 valid_Accuracy: 0.84235 valid_Precision: 0.71023 valid_Reacll: 0.74914 
EarlyStopping counter: 3 out of 20
[ 14/200] train_loss: 0.33197 valid_loss: 0.39131 valid_AUC: 0.91035 valid_PRC: 0.82337 valid_Accuracy: 0.84065 valid_Precision: 0.68636 valid_Reacll: 0.80565 
EarlyStopping counter: 4 out of 20
[ 15/200] train_loss: 0.30097 valid_loss: 0.40784 valid_AUC: 0.89922 valid_PRC: 0.78778 valid_Accuracy: 0.82804 valid_Precision: 0.66570 valid_Reacll: 0.78938 
EarlyStopping counter: 5 out of 20
[ 16/200] train_loss: 0.30395 valid_loss: 0.39895 valid_AUC: 0.91691 valid_PRC: 0.83316 valid_Accuracy: 0.84211 valid_Precision: 0.68477 valid_Reacll: 0.82021 
EarlyStopping counter: 6 out of 20
[ 17/200] train_loss: 0.27402 valid_loss: 0.42600 valid_AUC: 0.90058 valid_PRC: 0.80363 valid_Accuracy: 0.83192 valid_Precision: 0.66976 valid_Reacll: 0.80223 
EarlyStopping counter: 7 out of 20
[ 18/200] train_loss: 0.27719 valid_loss: 0.39267 valid_AUC: 0.91758 valid_PRC: 0.83442 valid_Accuracy: 0.83919 valid_Precision: 0.67744 valid_Reacll: 0.82534 
EarlyStopping counter: 8 out of 20
[ 19/200] train_loss: 0.24798 valid_loss: 0.41642 valid_AUC: 0.90837 valid_PRC: 0.81300 valid_Accuracy: 0.83507 valid_Precision: 0.67605 valid_Reacll: 0.80223 
EarlyStopping counter: 9 out of 20
[ 20/200] train_loss: 0.25859 valid_loss: 0.40289 valid_AUC: 0.91751 valid_PRC: 0.83180 valid_Accuracy: 0.84332 valid_Precision: 0.68406 valid_Reacll: 0.83048 
EarlyStopping counter: 10 out of 20
[ 21/200] train_loss: 0.22214 valid_loss: 0.39568 valid_AUC: 0.91245 valid_PRC: 0.83214 valid_Accuracy: 0.82658 valid_Precision: 0.64794 valid_Reacll: 0.84932 
EarlyStopping counter: 11 out of 20
[ 22/200] train_loss: 0.23488 valid_loss: 0.43328 valid_AUC: 0.91640 valid_PRC: 0.83496 valid_Accuracy: 0.85326 valid_Precision: 0.71245 valid_Reacll: 0.80822 
EarlyStopping counter: 12 out of 20
[ 23/200] train_loss: 0.20335 valid_loss: 0.44361 valid_AUC: 0.90654 valid_PRC: 0.81563 valid_Accuracy: 0.81494 valid_Precision: 0.62841 valid_Reacll: 0.84846 
EarlyStopping counter: 13 out of 20
[ 24/200] train_loss: 0.21616 valid_loss: 0.43504 valid_AUC: 0.91737 valid_PRC: 0.83394 valid_Accuracy: 0.84841 valid_Precision: 0.69490 valid_Reacll: 0.82877 
EarlyStopping counter: 14 out of 20
[ 25/200] train_loss: 0.18205 valid_loss: 0.42462 valid_AUC: 0.90869 valid_PRC: 0.81518 valid_Accuracy: 0.82852 valid_Precision: 0.66063 valid_Reacll: 0.81164 
EarlyStopping counter: 15 out of 20
[ 26/200] train_loss: 0.19238 valid_loss: 0.46286 valid_AUC: 0.92127 valid_PRC: 0.83541 valid_Accuracy: 0.85084 valid_Precision: 0.70868 valid_Reacll: 0.80394 
EarlyStopping counter: 16 out of 20
[ 27/200] train_loss: 0.17119 valid_loss: 0.43999 valid_AUC: 0.91246 valid_PRC: 0.82216 valid_Accuracy: 0.85181 valid_Precision: 0.71114 valid_Reacll: 0.80308 
EarlyStopping counter: 17 out of 20
[ 28/200] train_loss: 0.17514 valid_loss: 0.49244 valid_AUC: 0.91791 valid_PRC: 0.82878 valid_Accuracy: 0.85278 valid_Precision: 0.71560 valid_Reacll: 0.79709 
EarlyStopping counter: 18 out of 20
[ 29/200] train_loss: 0.15059 valid_loss: 0.44890 valid_AUC: 0.90991 valid_PRC: 0.82149 valid_Accuracy: 0.82901 valid_Precision: 0.66268 valid_Reacll: 0.80736 
EarlyStopping counter: 19 out of 20
[ 30/200] train_loss: 0.16223 valid_loss: 0.50669 valid_AUC: 0.91708 valid_PRC: 0.83714 valid_Accuracy: 0.85447 valid_Precision: 0.72756 valid_Reacll: 0.77740 
EarlyStopping counter: 20 out of 20
[ 31/200] train_loss: 0.13732 valid_loss: 0.44326 valid_AUC: 0.91564 valid_PRC: 0.82574 valid_Accuracy: 0.83677 valid_Precision: 0.67442 valid_Reacll: 0.81935 
EarlyStopping counter: 21 out of 20
[ 32/200] train_loss: 0.15069 valid_loss: 0.51481 valid_AUC: 0.91804 valid_PRC: 0.83774 valid_Accuracy: 0.85302 valid_Precision: 0.71987 valid_Reacll: 0.78767 
EarlyStopping counter: 22 out of 20
[ 33/200] train_loss: 0.12282 valid_loss: 0.46034 valid_AUC: 0.90372 valid_PRC: 0.80362 valid_Accuracy: 0.83944 valid_Precision: 0.69254 valid_Reacll: 0.77911 
EarlyStopping counter: 23 out of 20
[ 34/200] train_loss: 0.14373 valid_loss: 0.53167 valid_AUC: 0.91801 valid_PRC: 0.82781 valid_Accuracy: 0.85205 valid_Precision: 0.72003 valid_Reacll: 0.78168 
EarlyStopping counter: 24 out of 20
[ 35/200] train_loss: 0.11399 valid_loss: 0.48629 valid_AUC: 0.91364 valid_PRC: 0.82376 valid_Accuracy: 0.85156 valid_Precision: 0.72169 valid_Reacll: 0.77483 
EarlyStopping counter: 25 out of 20
